// Jest Snapshot v1, https://goo.gl/fbAQLP

exports[`renderFormatted renders headings, lists, tables, and checklists 1`] = `
<div>
  <div
    class="max-w-[72ch] w-full break-words"
  >
    <h2
      class="text-2xl font-bold tracking-tight text-gray-900 mt-6 mb-3 "
      id="resumo"
    >
      Resumo
    </h2>
    <h3
      class="text-xl font-bold tracking-tight text-gray-800 mt-6 mb-2.5 mb-1.5"
      id="insights"
    >
      Insights
    </h3>
    <div
      class="flex flex-wrap gap-2 my-2"
    >
      <span
        class="inline-flex items-center rounded-full border px-3 py-1 text-[12px] font-semibold border-gray-200 bg-gray-50 text-gray-700"
      >
        ponto um
      </span>
      <span
        class="inline-flex items-center rounded-full border px-3 py-1 text-[12px] font-semibold border-gray-200 bg-gray-50 text-gray-700"
      >
        ponto dois
      </span>
    </div>
    <ol
      class="space-y-2 text-[15px] my-3 leading-[1.55] text-gray-800"
    >
      <li
        class="flex items-start gap-3"
        style="margin-left: 0px;"
      >
        <span
          aria-hidden="true"
          class="mt-0.5 flex items-center justify-center rounded-full border font-semibold h-6 w-6 text-[12px] border-gray-300 text-gray-700"
        >
          1
        </span>
        <span
          class="flex-1"
        >
          passo um
        </span>
      </li>
      <li
        class="flex items-start gap-3"
        style="margin-left: 0px;"
      >
        <span
          aria-hidden="true"
          class="mt-0.5 flex items-center justify-center rounded-full border font-semibold h-6 w-6 text-[12px] border-gray-300 text-gray-700"
        >
          2
        </span>
        <span
          class="flex-1"
        >
          passo dois
        </span>
      </li>
    </ol>
    <div
      class="my-3 rounded-xl border border-gray-200 bg-gray-50/50 p-1"
    >
      <ul
        class="space-y-1"
      >
        <li
          class="group flex items-start gap-3 rounded-lg px-3 py-2.5 transition-colors bg-emerald-50/50"
        >
          <span
            aria-hidden="true"
            class="mt-0.5 flex h-5 w-5 flex-none items-center justify-center rounded-md border text-[10px] transition-colors border-emerald-300 bg-emerald-500 text-white shadow-sm"
          >
            <svg
              class="h-3.5 w-3.5 block"
              fill="none"
              stroke="currentColor"
              stroke-linecap="round"
              stroke-linejoin="round"
              stroke-width="2.5"
              viewBox="0 0 14 14"
            >
              <polyline
                points="2.5 7 5.5 10 11.5 3.5"
              />
            </svg>
          </span>
          <span
            class="text-[15px] leading-relaxed text-gray-500 line-through decoration-emerald-500/30"
          >
            <span>
              feito
            </span>
          </span>
        </li>
        <li
          class="group flex items-start gap-3 rounded-lg px-3 py-2.5 transition-colors bg-white hover:bg-gray-50"
        >
          <span
            aria-hidden="true"
            class="mt-0.5 flex h-5 w-5 flex-none items-center justify-center rounded-md border text-[10px] transition-colors border-gray-300 bg-white text-transparent group-hover:border-gray-400"
          >
            <svg
              class="h-3.5 w-3.5 hidden"
              fill="none"
              stroke="currentColor"
              stroke-linecap="round"
              stroke-linejoin="round"
              stroke-width="2.5"
              viewBox="0 0 14 14"
            >
              <polyline
                points="2.5 7 5.5 10 11.5 3.5"
              />
            </svg>
          </span>
          <span
            class="text-[15px] leading-relaxed text-gray-700"
          >
            <span>
              pendente
            </span>
          </span>
        </li>
      </ul>
    </div>
    <div
      class="my-3"
      data-testid="chat-table-container"
    >
      <div
        class="overflow-x-auto my-3 max-w-full rounded-xl border border-gray-100"
      >
        <table
          class="min-w-full text-left text-[13px] leading-5 text-gray-800 min-w-[480px]"
        >
          <thead>
            <tr>
              <th
                class="px-3 py-2 border-b border-gray-200 bg-gray-50 text-gray-700 font-semibold text-left sticky top-0 z-10"
              >
                Coluna
              </th>
              <th
                class="px-3 py-2 border-b border-gray-200 bg-gray-50 text-gray-700 font-semibold text-left sticky top-0 z-10"
              >
                Valor
              </th>
            </tr>
          </thead>
          <tbody>
            <tr>
              <td
                class="px-3 py-2 border-b border-gray-100 align-top break-words "
              >
                A
              </td>
              <td
                class="px-3 py-2 border-b border-gray-100 align-top break-words text-right border-l border-current/10 min-w-[72px]"
              >
                1
              </td>
            </tr>
          </tbody>
        </table>
      </div>
    </div>
    <details
      class="group my-4 rounded-xl border border-gray-200 bg-white text-gray-800"
      id="detalhes"
    >
      <summary
        aria-controls="static-id"
        aria-expanded="false"
        class="flex cursor-pointer items-center justify-between gap-3 px-4 py-3 text-sm font-semibold text-gray-800 hover:text-gray-900 focus-visible:outline-none focus-visible:ring-2 focus-visible:ring-magenta focus-visible:ring-offset-2 focus-visible:ring-offset-transparent"
        data-testid="chat-disclosure-toggle"
      >
        <span
          class="flex items-center gap-2"
        >
          <span>
            Detalhes
          </span>
          <span
            class="rounded-full px-2 py-0.5 text-[10px] font-semibold uppercase tracking-wide bg-gray-100 text-gray-600"
          >
            1 tópicos
          </span>
        </span>
        <span
          class="rounded-full px-2.5 py-1 text-[10px] font-semibold uppercase tracking-wide bg-gray-100 text-gray-600"
        >
          Ver mais
        </span>
      </summary>
      <div
        class="px-4 pb-4 pt-1"
        id="static-id"
      >
        <p
          class="text-[15px] my-3 leading-[1.6] text-gray-800"
        >
          Mais contexto aqui.
        </p>
      </div>
    </details>
  </div>
</div>
`;
