src/app/dashboard/boards/PostCreationFunnelBoardShell.tsx(1686,6): error TS17008: JSX element 'div' has no corresponding closing tag.
src/app/dashboard/boards/PostCreationFunnelBoardShell.tsx(1982,9): error TS1005: ')' expected.
src/app/dashboard/boards/PostCreationFunnelBoardShell.tsx(1991,1): error TS1381: Unexpected token. Did you mean `{'}'}` or `&rbrace;`?
src/app/dashboard/boards/PostCreationFunnelBoardShell.tsx(1994,1): error TS1005: '</' expected.
