// Jest Snapshot v1, https://goo.gl/fbAQLP

exports[`affiliateHistory copy maps reason labels snapshot 1`] = `
{
  "duplicates_blocked": "Pagamento duplicado — comissão ignorada.",
  "payout_rejected": "Saque rejeitado — valor recreditado ao saldo.",
  "race_condition": "Concorrência detectada — operação não concluída.",
  "refund_after_release": "Reembolso após liberação — ajuste aplicado.",
  "refund_within_hold": "Reembolso dentro do período de retenção — comissão cancelada.",
  "self_referral_blocked": "Autoindicação não gera comissão.",
  "transfer_reversed": "Transferência revertida pelo Stripe — valor recreditado.",
}
`;

exports[`affiliateHistory copy maps status labels snapshot 1`] = `
{
  "available": "Disponível",
  "canceled": "Cancelado",
  "paid": "Pago",
  "pending": "Pendente",
  "reversed": "Revertido",
}
`;
