// Jest Snapshot v1, https://goo.gl/fbAQLP

exports[`stripe copy matches snapshot 1`] = `
{
  "CURRENCY_HELP": {
    "mismatch_banner": [Function],
    "mismatch_reason": [Function],
    "options": [
      "Usar outra conta Stripe que receba na mesma moeda.",
      "Ajustar sua conta junto ao Stripe para aceitar a moeda (quando o país permitir).",
      "Solicitar ajuda ao suporte para alternativas.",
    ],
    "options_title": [Function],
  },
  "STRIPE_DISABLED_REASON": {
    "default": {
      "body": "Há uma pendência na sua conta Stripe. Revise seu cadastro para liberar os saques.",
      "cta": "onboarding",
      "title": "Ação necessária no Stripe",
    },
    "rejected.fraud": {
      "body": "Sua conta foi rejeitada por suspeita de fraude. Entre em contato com o suporte do Stripe.",
      "cta": "contact",
      "title": "Conta rejeitada",
    },
    "rejected.terms_of_service": {
      "body": "Houve um problema com os Termos do Stripe. Fale com o suporte do Stripe para detalhes.",
      "cta": "contact",
      "title": "Conta rejeitada",
    },
    "requirements.past_due": {
      "body": "Faltam documentos obrigatórios no Stripe. Envie-os para liberar seus saques.",
      "cta": "onboarding",
      "title": "Informações pendentes",
    },
    "requirements.pending_verification": {
      "body": "O Stripe está verificando seus documentos. Isso pode levar algum tempo.",
      "cta": "wait",
      "title": "Verificação em andamento",
    },
    "under_review": {
      "body": "Sua conta está passando por uma revisão interna do Stripe.",
      "cta": "wait",
      "title": "Conta em revisão",
    },
  },
  "STRIPE_STATUS": {
    "action_needed": "Ação necessária",
    "under_review": "Em revisão",
    "verified": "Verificado",
  },
}
`;
